// Jest Snapshot v1, https://goo.gl/fbAQLP

exports[`renders homepage unchanged 1`] = `
<div>
  <div
    class="container"
  >
    <main
      class="main"
    >
      <h1
        class="title"
      >
        Welcome to 
        <a
          href="/"
        >
          OpenSGS!
        </a>
      </h1>
      <button
        class="nextui-c-kZXRhs nextui-c-PJLV nextui-c-kZXRhs-ikltse-color-default nextui-c-kZXRhs-bWGFbV-size-md nextui-c-kZXRhs-cwXrJp-borderWeight-normal nextui-c-PJLV-gulvcB-isFocusVisible-false nextui-c-kZXRhs-iPJLV-css nextui-button nextui-button--ready button"
        data-state="ready"
        type="button"
      >
        <span
          class="nextui-button-text"
        >
          Join Game
        </span>
      </button>
      <div
        class="status"
      >
        <div
          class="nextui-c-bOoPrE nextui-c-bOoPrE-iWdsRK-color-default nextui-c-bOoPrE-fQoxSm-textColor-default"
        >
          <span
            aria-label="Loading"
            class="nextui-c-chTLhx nextui-c-chTLhx-bboDzR-size-xs nextui-c-chTLhx-jJwoeB-type-default nextui-c-chTLhx-iPJLV-css nextui-loading nextui-loading-default"
          >
            <i
              class="_1"
            />
            <i
              class="_2"
            />
            <i
              class="_3"
            />
          </span>
        </div>
      </div>
    </main>
    <footer
      class="footer"
    >
      <a
        href="https://mogara.org"
        rel="noopener noreferrer"
        target="_blank"
      >
        Powered by Mogara
      </a>
    </footer>
  </div>
</div>
`;
