// Jest Snapshot v1, https://goo.gl/fbAQLP

exports[`renders homepage unchanged 1`] = `
<div>
  <div
    class="container"
  >
    <main
      class="main"
    >
      <h1
        class="title"
      >
        Welcome to 
        <a
          href="/"
        >
          OpenSGS!
        </a>
      </h1>
      <button
        class="nextui-c-kZXRhs nextui-c-PJLV nextui-c-kZXRhs-ikltse-color-default nextui-c-kZXRhs-bWGFbV-size-md nextui-c-kZXRhs-cwXrJp-borderWeight-normal nextui-c-PJLV-gulvcB-isFocusVisible-false nextui-c-kZXRhs-iPJLV-css nextui-button nextui-button--ready button"
        data-state="ready"
        type="button"
      >
        <span
          class="nextui-button-text"
        >
          Join Game
        </span>
      </button>
      <div
        class="status"
      >
        <div
          class="status error"
          data-testid="status"
        />
      </div>
    </main>
    <footer
      class="footer"
    >
      <a
        href="https://mogara.org"
        rel="noopener noreferrer"
        target="_blank"
      >
        Powered by Mogara
      </a>
    </footer>
  </div>
</div>
`;
